[htmldemo.net/koparion/index.html]
[backblue.gif]
[fade.gif]
[index.html]
[htmldemo.net/koparion/p2/img/favicon.ico]
[htmldemo.net/koparion/p2/css/bootstrap.min.css]
[htmldemo.net/koparion/p2/css/font-awesome.min.css]
[htmldemo.net/koparion/p2/css/et-line.css]
[htmldemo.net/koparion/p2/css/plugins.css]
[htmldemo.net/koparion/p2/style.css]
[htmldemo.net/koparion/p2/css/responsive.css]
[htmldemo.net/koparion/p2/js/vendor/modernizr-2.8.3.min.js]
[htmldemo.net/koparion/koparion/index.html]
[htmldemo.net/koparion/p2/img/koparion/logo.png]
[htmldemo.net/koparion/p2/img/koparion/2.png]
[htmldemo.net/koparion/p2/img/koparion/hero-bg.jpg]
[htmldemo.net/koparion/p2/img/koparion/hm-1.jpg]
[htmldemo.net/koparion/koparion/index-2.html]
[htmldemo.net/koparion/p2/img/koparion/hm-2.jpg]
[htmldemo.net/koparion/koparion/index-3.html]
[htmldemo.net/koparion/p2/img/koparion/hm-3.jpg]
[htmldemo.net/koparion/koparion/index-4.html]
[htmldemo.net/koparion/p2/img/koparion/hm-4.jpg]
[htmldemo.net/koparion/koparion/index-5.html]
[htmldemo.net/koparion/p2/img/koparion/hm-5.jpg]
[htmldemo.net/koparion/koparion/index-6.html]
[htmldemo.net/koparion/p2/img/koparion/hm-6.jpg]
[htmldemo.net/koparion/koparion/index-7.html]
[htmldemo.net/koparion/p2/img/koparion/hm-7.jpg]
[htmldemo.net/koparion/koparion/shop.html]
[htmldemo.net/koparion/p2/img/koparion/shop.jpg]
[htmldemo.net/koparion/koparion/shop-list.html]
[htmldemo.net/koparion/p2/img/koparion/shop-list.jpg]
[htmldemo.net/koparion/koparion/product-details.html]
[htmldemo.net/koparion/p2/img/koparion/product-details.jpg]
[htmldemo.net/koparion/koparion/product-details-affiliate.html]
[htmldemo.net/koparion/p2/img/koparion/affiliate.jpg]
[htmldemo.net/koparion/koparion/cart.html]
[htmldemo.net/koparion/p2/img/koparion/cart.jpg]
[htmldemo.net/koparion/koparion/checkout.html]
[htmldemo.net/koparion/p2/img/koparion/checkout.jpg]
[htmldemo.net/koparion/koparion/wishlist.html]
[htmldemo.net/koparion/p2/img/koparion/wishlist.jpg]
[htmldemo.net/koparion/koparion/compare.html]
[htmldemo.net/koparion/p2/img/koparion/compare.jpg]
[htmldemo.net/koparion/koparion/my-account.html]
[htmldemo.net/koparion/p2/img/koparion/my-account.jpg]
[htmldemo.net/koparion/koparion/about.html]
[htmldemo.net/koparion/p2/img/koparion/about.jpg]
[htmldemo.net/koparion/koparion/blog.html]
[htmldemo.net/koparion/p2/img/koparion/blog.jpg]
[htmldemo.net/koparion/koparion/blog-details.html]
[htmldemo.net/koparion/p2/img/koparion/blog-details.jpg]
[htmldemo.net/koparion/koparion/contact.html]
[htmldemo.net/koparion/p2/img/koparion/contact.jpg]
[s3.envato.com/files/249650128/devita-preview.__large_preview.png]
[s3.envato.com/files/244112803/01_preview_image_wenro.__large_preview.png]
[s3.envato.com/files/243820809/01_preview_image_volga.__large_preview.png]
[s3.envato.com/files/238844904/preview.__large_preview.png]
[htmldemo.net/koparion/p2/js/vendor/jquery-3.1.1.min.js]
[htmldemo.net/koparion/p2/js/bootstrap.min.js]
[htmldemo.net/koparion/p2/js/plugins.js]
[htmldemo.net/koparion/p2/js/ajax-mail.js]
[htmldemo.net/koparion/index.html]
[htmldemo.net/koparion/p2/js/main.js]
[htmldemo.net/koparion/p2/fonts/glyphicons-halflings-regular.eot]
[htmldemo.net/koparion/p2/fonts/glyphicons-halflings-regulard41d.eot]
[htmldemo.net/koparion/p2/fonts/glyphicons-halflings-regular.woff2]
[htmldemo.net/koparion/p2/fonts/glyphicons-halflings-regular.woff]
[htmldemo.net/koparion/p2/fonts/glyphicons-halflings-regular.ttf]
[htmldemo.net/koparion/p2/fonts/glyphicons-halflings-regular.svg]
[htmldemo.net/koparion/p2/css/bootstrap.min.css]
[htmldemo.net/koparion/p2/fonts/fontawesome-webfontd41d.eot]
[htmldemo.net/koparion/p2/fonts/fontawesome-webfont3e6e.eot]
[htmldemo.net/koparion/p2/fonts/fontawesome-webfont3e6e.woff2]
[htmldemo.net/koparion/p2/fonts/fontawesome-webfont3e6e.woff]
[htmldemo.net/koparion/p2/fonts/fontawesome-webfont3e6e.ttf]
[htmldemo.net/koparion/p2/css/font-awesome.min.css]
[htmldemo.net/koparion/p2/fonts/fontawesome-webfont3e6e.svg]
[htmldemo.net/koparion/p2/fonts/et-line.eot]
[htmldemo.net/koparion/p2/fonts/et-lined41d.eot]
[htmldemo.net/koparion/p2/fonts/et-line.woff]
[htmldemo.net/koparion/p2/fonts/et-line.ttf]
[htmldemo.net/koparion/p2/css/et-line.css]
[htmldemo.net/koparion/p2/css/plugins.css]
[htmldemo.net/koparion/p2/style.css]
[htmldemo.net/koparion/p2/css/responsive.css]
[www.googletagmanager.com/gtm5445.html]
[htmldemo.net/koparion/p2/fonts/et-line.svg]
[htmldemo.net/koparion/koparion/img/favicon.png]
[htmldemo.net/koparion/koparion/css/bootstrap.min.css]
[htmldemo.net/koparion/koparion/css/animate.css]
[htmldemo.net/koparion/koparion/css/meanmenu.min.css]
[htmldemo.net/koparion/koparion/css/owl.carousel.css]
[htmldemo.net/koparion/koparion/css/font-awesome.min.css]
[htmldemo.net/koparion/koparion/css/flexslider.css]
[htmldemo.net/koparion/koparion/css/chosen.min.css]
[htmldemo.net/koparion/koparion/style.css]
[htmldemo.net/koparion/koparion/css/responsive.css]
[htmldemo.net/koparion/koparion/js/vendor/modernizr-2.8.3.min.js]
[htmldemo.net/koparion/koparion/img/flag/1.jpg]
[htmldemo.net/koparion/koparion/img/flag/2.jpg]
[htmldemo.net/koparion/koparion/img/flag/3.jpg]
[htmldemo.net/koparion/koparion/login.html]
[htmldemo.net/koparion/koparion/img/logo/logo.png]
[htmldemo.net/koparion/koparion/img/product/1.jpg]
[htmldemo.net/koparion/koparion/img/product/3.jpg]
[htmldemo.net/koparion/koparion/register.html]
[htmldemo.net/koparion/koparion/404.html]
[htmldemo.net/koparion/koparion/img/banner/1.png]
[htmldemo.net/koparion/koparion/img/banner/2.png]
[htmldemo.net/koparion/koparion/img/banner/3.png]
[htmldemo.net/koparion/koparion/img/banner/4.png]
[htmldemo.net/koparion/koparion/img/slider/1.jpg]
[htmldemo.net/koparion/koparion/img/slider/2.jpg]
[htmldemo.net/koparion/koparion/img/product/5.jpg]
[htmldemo.net/koparion/koparion/img/product/7.jpg]
[htmldemo.net/koparion/koparion/img/product/9.jpg]
[htmldemo.net/koparion/koparion/img/product/11.jpg]
[htmldemo.net/koparion/koparion/img/banner/5.jpg]
[htmldemo.net/koparion/koparion/img/banner/6.jpg]
[htmldemo.net/koparion/koparion/img/product/13.jpg]
[htmldemo.net/koparion/koparion/img/product/14.jpg]
[htmldemo.net/koparion/koparion/img/product/15.jpg]
[htmldemo.net/koparion/koparion/img/product/16.jpg]
[htmldemo.net/koparion/koparion/img/product/17.jpg]
[htmldemo.net/koparion/koparion/img/product/18.jpg]
[htmldemo.net/koparion/koparion/img/product/10.jpg]
[htmldemo.net/koparion/koparion/img/product/19.jpg]
[htmldemo.net/koparion/koparion/img/product/4.jpg]
[htmldemo.net/koparion/koparion/img/product/8.jpg]
[htmldemo.net/koparion/koparion/img/banner/8.jpg]
[htmldemo.net/koparion/koparion/img/banner/9.jpg]
[htmldemo.net/koparion/koparion/img/product/20.jpg]
[htmldemo.net/koparion/koparion/img/product/21.jpg]
[htmldemo.net/koparion/koparion/img/product/22.jpg]
[htmldemo.net/koparion/koparion/img/product/23.jpg]
[htmldemo.net/koparion/koparion/img/product/24.jpg]
[htmldemo.net/koparion/koparion/img/product/26.jpg]
[htmldemo.net/koparion/koparion/img/product/27.jpg]
[htmldemo.net/koparion/koparion/img/product/28.jpg]
[htmldemo.net/koparion/koparion/img/product/29.jpg]
[htmldemo.net/koparion/koparion/img/post/1.jpg]
[htmldemo.net/koparion/koparion/img/post/2.jpg]
[htmldemo.net/koparion/koparion/img/post/3.jpg]
[htmldemo.net/koparion/koparion/img/post/4.jpg]
[htmldemo.net/koparion/koparion/img/1.png]
[htmldemo.net/koparion/koparion/img/product/quickview-l4.jpg]
[htmldemo.net/koparion/koparion/img/product/quickview-l2.jpg]
[htmldemo.net/koparion/koparion/img/product/quickview-l3.jpg]
[htmldemo.net/koparion/koparion/img/product/quickview-l5.jpg]
[htmldemo.net/koparion/koparion/img/product/quickview-s4.jpg]
[htmldemo.net/koparion/koparion/img/product/quickview-s2.jpg]
[htmldemo.net/koparion/koparion/img/product/quickview-s3.jpg]
[htmldemo.net/koparion/koparion/img/product/quickview-s5.jpg]
[htmldemo.net/koparion/koparion/js/vendor/jquery-1.12.4.min.js]
[htmldemo.net/koparion/koparion/js/bootstrap.min.js]
[htmldemo.net/koparion/koparion/js/owl.carousel.min.js]
[htmldemo.net/koparion/koparion/js/jquery.meanmenu.js]
[htmldemo.net/koparion/koparion/js/wow.min.js]
[htmldemo.net/koparion/koparion/js/jquery.parallax-1.1.3.js]
[htmldemo.net/koparion/koparion/js/jquery.countdown.min.js]
[htmldemo.net/koparion/koparion/js/jquery.flexslider.js]
[htmldemo.net/koparion/koparion/js/chosen.jquery.min.js]
[htmldemo.net/koparion/koparion/js/jquery.counterup.min.js]
[htmldemo.net/koparion/koparion/js/waypoints.min.js]
[htmldemo.net/koparion/koparion/js/plugins.js]
[htmldemo.net/koparion/koparion/index.html]
[htmldemo.net/koparion/koparion/js/main.js]
[htmldemo.net/koparion/koparion/img/slider/13.jpg]
[htmldemo.net/koparion/koparion/img/slider/12.jpg]
[htmldemo.net/koparion/koparion/index-2.html]
[htmldemo.net/koparion/koparion/img/logo/2.png]
[htmldemo.net/koparion/koparion/product-details]
[htmldemo.net/koparion/koparion/shop-grid-2-col.html]
[htmldemo.net/koparion/koparion/shop-grid-3-col.html]
[htmldemo.net/koparion/koparion/shop-grid-6-col.html]
[htmldemo.net/koparion/koparion/shop-grid-box.html]
[htmldemo.net/koparion/koparion/shop-list-2-col.html]
[htmldemo.net/koparion/koparion/shop-list-3-col.html]
[htmldemo.net/koparion/koparion/shop-list-box.html]
[htmldemo.net/koparion/koparion/product-details-sticky.html]
[htmldemo.net/koparion/koparion/product-details-gallery.html]
[htmldemo.net/koparion/koparion/product-details-fixed-img.html]
[htmldemo.net/koparion/koparion/img/slider/5.jpg]
[htmldemo.net/koparion/koparion/img/slider/6.jpg]
[htmldemo.net/koparion/koparion/img/banner/14.jpg]
[htmldemo.net/koparion/koparion/img/banner/15.jpg]
[htmldemo.net/koparion/koparion/img/banner/16.jpg]
[htmldemo.net/koparion/koparion/img/banner/17.jpg]
[htmldemo.net/koparion/koparion/img/banner/18.jpg]
[htmldemo.net/koparion/koparion/index-3.html]
[htmldemo.net/koparion/koparion/img/logo/3.png]
[htmldemo.net/koparion/koparion/img/slider/7.jpg]
[htmldemo.net/koparion/koparion/img/slider/8.jpg]
[htmldemo.net/koparion/koparion/img/banner/20.jpg]
[htmldemo.net/koparion/koparion/img/icon-img/service-1.png]
[htmldemo.net/koparion/koparion/img/icon-img/service-1-white.png]
[htmldemo.net/koparion/koparion/img/icon-img/service-2.png]
[htmldemo.net/koparion/koparion/img/icon-img/service-2-white.png]
[htmldemo.net/koparion/koparion/img/icon-img/service-3.png]
[htmldemo.net/koparion/koparion/img/icon-img/service-3-white.png]
[htmldemo.net/koparion/koparion/img/banner/21.jpg]
[htmldemo.net/koparion/koparion/img/banner/24.jpg]
[htmldemo.net/koparion/koparion/img/banner/23.jpg]
[htmldemo.net/koparion/koparion/index-4.html]
[htmldemo.net/koparion/koparion/img/logo/4.png]
[htmldemo.net/koparion/koparion/img/slider/10.jpg]
[htmldemo.net/koparion/koparion/img/slider/9.jpg]
[htmldemo.net/koparion/koparion/index-5.html]
[htmldemo.net/koparion/koparion/img/logo/5.png]
[htmldemo.net/koparion/koparion/img/slider/11.jpg]
[htmldemo.net/koparion/koparion/img/banner/30.jpg]
[htmldemo.net/koparion/koparion/img/banner/28.jpg]
[htmldemo.net/koparion/koparion/img/banner/29.jpg]
[htmldemo.net/koparion/koparion/index-6.html]
[htmldemo.net/koparion/koparion/img/slider/14.jpg]
[htmldemo.net/koparion/koparion/img/slider/15.jpg]
[htmldemo.net/koparion/koparion/index-7.html]
[htmldemo.net/koparion/koparion/img/banner/31.jpg]
[htmldemo.net/koparion/koparion/img/banner/32.jpg]
[htmldemo.net/koparion/koparion/shop.html]
[htmldemo.net/koparion/koparion/shop-list.html]
[htmldemo.net/koparion/koparion/img/flex/1.jpg]
[htmldemo.net/koparion/koparion/img/flex/5.jpg]
[htmldemo.net/koparion/koparion/img/flex/2.jpg]
[htmldemo.net/koparion/koparion/img/banner/33.jpg]
[htmldemo.net/koparion/koparion/product-details.html]
[htmldemo.net/koparion/koparion/product-details-affiliate.html]
[htmldemo.net/koparion/koparion/img/cart/1.jpg]
[htmldemo.net/koparion/koparion/img/cart/2.jpg]
[htmldemo.net/koparion/koparion/cart.html]
[htmldemo.net/koparion/koparion/img/2.png]
[htmldemo.net/koparion/koparion/checkout.html]
[htmldemo.net/koparion/koparion/wishlist.html]
[htmldemo.net/koparion/koparion/img/product/2.jpg]
[htmldemo.net/koparion/koparion/compare.html]
[htmldemo.net/koparion/koparion/login-register.html]
[htmldemo.net/koparion/koparion/my-account.html]
[htmldemo.net/koparion/koparion/img/team/1.jpg]
[htmldemo.net/koparion/koparion/img/team/2.jpg]
[htmldemo.net/koparion/koparion/img/team/3.jpg]
[htmldemo.net/koparion/koparion/img/team/4.jpg]
[htmldemo.net/koparion/koparion/about.html]
[htmldemo.net/koparion/koparion/img/author/1.jpg]
[htmldemo.net/koparion/koparion/img/blog/1.jpg]
[htmldemo.net/koparion/koparion/img/blog/3.jpg]
[htmldemo.net/koparion/koparion/img/blog/4.jpg]
[htmldemo.net/koparion/koparion/img/blog/6.jpg]
[htmldemo.net/koparion/koparion/img/blog/2.jpg]
[htmldemo.net/koparion/koparion/audio/Ami_Raji.mp3]
[htmldemo.net/koparion/koparion/blog.html]
[htmldemo.net/koparion/koparion/img/author/2.jpg]
[htmldemo.net/koparion/koparion/img/author/3.jpg]
[htmldemo.net/koparion/koparion/img/author/4.jpg]
[htmldemo.net/koparion/koparion/blog-details.html]
[htmldemo.net/koparion/koparion/contact.html]
[s3.envato.com/files/237139625/Preview.__large_preview.png]
[s3.envato.com/files/236854570/preview.__large_preview.png]
[htmldemo.net/koparion/p2/fonts/glyphicons-halflings-regular.html]
[htmldemo.net/koparion/p2/fonts/glyphicons-halflings-regulard41d.html]
[htmldemo.net/koparion/p2/fonts/glyphicons-halflings-regular-2.html]
[htmldemo.net/koparion/p2/fonts/glyphicons-halflings-regular-3.html]
[htmldemo.net/koparion/p2/fonts/glyphicons-halflings-regular-4.html]
[htmldemo.net/koparion/p2/fonts/glyphicons-halflings-regular-5.html]
[htmldemo.net/koparion/p2/fonts/fontawesome-webfont3e6e.svg]
[htmldemo.net/koparion/p2/fonts/et-line.svg]
[htmldemo.net/koparion/koparion/css/bootstrap.min.css]
[htmldemo.net/koparion/koparion/css/animate.css]
[htmldemo.net/koparion/koparion/css/meanmenu.min.css]
[htmldemo.net/koparion/koparion/js/ajax-mail.js]
[htmldemo.net/koparion/koparion/css/owl.video.play.png]
[htmldemo.net/koparion/koparion/css/owl.carousel.css]
[htmldemo.net/koparion/koparion/fonts/fontawesome-webfont3295.eot]
[htmldemo.net/koparion/koparion/fonts/fontawesome-webfontd41d.eot]
[htmldemo.net/koparion/koparion/fonts/fontawesome-webfont3295.woff2]
[htmldemo.net/koparion/koparion/fonts/fontawesome-webfont3295.woff]
[htmldemo.net/koparion/koparion/fonts/fontawesome-webfont3295.ttf]
[htmldemo.net/koparion/koparion/css/font-awesome.min.css]
[htmldemo.net/koparion/koparion/fonts/flexslider-icon.eot]
[htmldemo.net/koparion/koparion/fonts/fontawesome-webfont3295.svg]
[htmldemo.net/koparion/koparion/fonts/flexslider-icond41d.eot]
[htmldemo.net/koparion/koparion/fonts/flexslider-icon.woff]
[htmldemo.net/koparion/koparion/fonts/flexslider-icon.ttf]
[htmldemo.net/koparion/koparion/fonts/flexslider-icon.svg]
[htmldemo.net/koparion/koparion/css/flexslider.css]
[htmldemo.net/koparion/koparion/css/chosen-sprite.png]
[htmldemo.net/koparion/koparion/css/chosen-sprite@2x.png]
[htmldemo.net/koparion/koparion/css/chosen.min.css]
[htmldemo.net/koparion/koparion/img/banner/7.jpg]
[htmldemo.net/koparion/koparion/img/banner/10.jpg]
[htmldemo.net/koparion/koparion/img/banner/11.jpg]
[htmldemo.net/koparion/koparion/img/icon-img/select-2.png]
[htmldemo.net/koparion/koparion/img/banner/13.jpg]
[htmldemo.net/koparion/koparion/img/banner/19.jpg]
[htmldemo.net/koparion/koparion/img/banner/22.jpg]
[htmldemo.net/koparion/koparion/img/banner/25.jpg]
[htmldemo.net/koparion/koparion/img/banner/26.jpg]
[htmldemo.net/koparion/koparion/img/banner/27.jpg]
[htmldemo.net/koparion/koparion/img/banner/38.jpg]
[htmldemo.net/koparion/koparion/img/icon-img/select.png]
[htmldemo.net/koparion/koparion/style.css]
[htmldemo.net/koparion/koparion/css/responsive.css]
[htmldemo.net/koparion/koparion/login.html]
[htmldemo.net/koparion/koparion/register.html]
[htmldemo.net/koparion/koparion/img/3.jpg]
[htmldemo.net/koparion/koparion/404.html]
[htmldemo.net/koparion/koparion/product-details-2.html]
[htmldemo.net/koparion/koparion/shop-grid-2-col.html]
[htmldemo.net/koparion/koparion/shop-grid-3-col.html]
[htmldemo.net/koparion/koparion/shop-grid-6-col.html]
[htmldemo.net/koparion/koparion/shop-grid-box.html]
[htmldemo.net/koparion/koparion/shop-list-2-col.html]
[htmldemo.net/koparion/koparion/shop-list-3-col.html]
[htmldemo.net/koparion/koparion/shop-list-box.html]
[htmldemo.net/koparion/koparion/product-details-sticky.html]
[htmldemo.net/koparion/koparion/product-details-gallery.html]
[htmldemo.net/koparion/koparion/product-details-fixed-img.html]
[htmldemo.net/koparion/koparion/login-register.html]
[htmldemo.net/koparion/koparion/css/owl.video.play.html]
[htmldemo.net/koparion/koparion/fonts/fontawesome-webfont3295.svg]
[htmldemo.net/koparion/koparion/fonts/flexslider-icon.html]
[htmldemo.net/koparion/koparion/fonts/flexslider-icond41d.html]
[htmldemo.net/koparion/koparion/fonts/flexslider-icon-2.html]
[htmldemo.net/koparion/koparion/fonts/flexslider-icon-3.html]
[htmldemo.net/koparion/koparion/fonts/flexslider-icon-4.html]
[htmldemo.net/koparion/koparion/css/chosen-sprite@2x.html]
